[24/07/2026 10:48:57] Iniciando processamento de RMs
[24/07/2026 10:49:01] Iniciando processamento de Pedidos
[24/07/2026 10:49:05] Iniciando processamento de PDFs
[24/07/2026 10:49:13] Iniciando processamento dos Relatorios do Approval
[24/07/2026 10:49:42] Processamento concluído
[24/07/2026 11:01:09] Iniciando processamento de RMs
[24/07/2026 11:01:11] Iniciando processamento de Pedidos
[24/07/2026 11:01:14] Iniciando processamento de PDFs
[24/07/2026 11:01:14] Iniciando processamento dos Relatorios do Approval
[24/07/2026 11:01:41] Processamento concluído
[24/07/2026 12:01:09] Iniciando processamento de RMs
[24/07/2026 12:01:12] Iniciando processamento de Pedidos
[24/07/2026 12:01:15] Iniciando processamento de PDFs
[24/07/2026 12:01:15] Iniciando processamento dos Relatorios do Approval
[24/07/2026 12:01:43] Processamento concluído
[24/07/2026 13:01:09] Iniciando processamento de RMs
[24/07/2026 13:01:12] Iniciando processamento de Pedidos
[24/07/2026 13:01:15] Iniciando processamento de PDFs
[24/07/2026 13:01:15] Iniciando processamento dos Relatorios do Approval
[24/07/2026 13:01:43] Processamento concluído
[24/07/2026 14:01:09] Iniciando processamento de RMs
[24/07/2026 14:01:12] Iniciando processamento de Pedidos
[24/07/2026 14:01:16] Iniciando processamento de PDFs
[24/07/2026 14:01:16] Iniciando processamento dos Relatorios do Approval
[24/07/2026 14:01:52] Processamento concluído
[24/07/2026 15:01:12] Iniciando processamento de RMs
[24/07/2026 15:01:15] Iniciando processamento de Pedidos
[24/07/2026 15:01:18] Iniciando processamento de PDFs
[24/07/2026 15:01:18] Iniciando processamento dos Relatorios do Approval
[24/07/2026 15:01:46] Processamento concluído
[24/07/2026 16:01:09] Iniciando processamento de RMs
[24/07/2026 16:01:12] Iniciando processamento de Pedidos
[24/07/2026 16:01:15] Iniciando processamento de PDFs
[24/07/2026 16:01:15] Iniciando processamento dos Relatorios do Approval
[24/07/2026 16:01:44] Processamento concluído
[24/07/2026 20:01:12] Iniciando processamento de RMs
[24/07/2026 20:01:15] Iniciando processamento de Pedidos
[24/07/2026 20:01:18] Iniciando processamento de PDFs
[24/07/2026 20:01:18] Iniciando processamento dos Relatorios do Approval
[24/07/2026 20:01:52] Processamento concluído
[25/07/2026 02:01:10] Iniciando processamento de RMs
[25/07/2026 02:01:13] Iniciando processamento de Pedidos
[25/07/2026 02:01:16] Iniciando processamento de PDFs
[25/07/2026 02:01:16] Iniciando processamento dos Relatorios do Approval
[25/07/2026 02:01:52] Processamento concluído
[25/07/2026 08:01:12] Iniciando processamento de RMs
[25/07/2026 08:01:15] Iniciando processamento de Pedidos
[25/07/2026 08:01:18] Iniciando processamento de PDFs
[25/07/2026 08:01:18] Iniciando processamento dos Relatorios do Approval
[25/07/2026 08:01:50] Processamento concluído
[25/07/2026 14:01:13] Iniciando processamento de RMs
[25/07/2026 14:01:16] Iniciando processamento de Pedidos
[25/07/2026 14:01:20] Iniciando processamento de PDFs
[25/07/2026 14:01:20] Iniciando processamento dos Relatorios do Approval
[25/07/2026 14:01:53] Processamento concluído
[25/07/2026 20:01:12] Iniciando processamento de RMs
[25/07/2026 20:01:16] Iniciando processamento de Pedidos
[25/07/2026 20:01:19] Iniciando processamento de PDFs
[25/07/2026 20:01:19] Iniciando processamento dos Relatorios do Approval
[25/07/2026 20:01:51] Processamento concluído
[26/07/2026 02:01:13] Iniciando processamento de RMs
[26/07/2026 02:01:17] Iniciando processamento de Pedidos
[26/07/2026 02:01:21] Iniciando processamento de PDFs
[26/07/2026 02:01:21] Iniciando processamento dos Relatorios do Approval
[26/07/2026 02:01:51] Processamento concluído
[26/07/2026 08:01:10] Iniciando processamento de RMs
[26/07/2026 08:01:13] Iniciando processamento de Pedidos
[26/07/2026 08:01:17] Iniciando processamento de PDFs
[26/07/2026 08:01:17] Iniciando processamento dos Relatorios do Approval
[26/07/2026 08:01:45] Processamento concluído
[26/07/2026 14:01:13] Iniciando processamento de RMs
[26/07/2026 14:01:16] Iniciando processamento de Pedidos
[26/07/2026 14:01:20] Iniciando processamento de PDFs
[26/07/2026 14:01:20] Iniciando processamento dos Relatorios do Approval
[26/07/2026 14:01:49] Processamento concluído
[26/07/2026 20:01:12] Iniciando processamento de RMs
[26/07/2026 20:01:16] Iniciando processamento de Pedidos
[26/07/2026 20:01:19] Iniciando processamento de PDFs
[26/07/2026 20:01:19] Iniciando processamento dos Relatorios do Approval
[26/07/2026 20:01:50] Processamento concluído
[27/07/2026 02:01:14] Iniciando processamento de RMs
[27/07/2026 02:01:18] Iniciando processamento de Pedidos
[27/07/2026 02:01:21] Iniciando processamento de PDFs
[27/07/2026 02:01:21] Iniciando processamento dos Relatorios do Approval
[27/07/2026 02:01:50] Processamento concluído
[27/07/2026 08:01:08] Iniciando processamento de RMs
[27/07/2026 08:01:11] Iniciando processamento de Pedidos
[27/07/2026 08:01:14] Iniciando processamento de PDFs
[27/07/2026 08:01:14] Iniciando processamento dos Relatorios do Approval
[27/07/2026 08:01:40] Processamento concluído
[27/07/2026 08:56:04] Iniciando processamento de RMs
[27/07/2026 08:56:14] Iniciando processamento de Pedidos
[27/07/2026 08:56:17] Iniciando processamento de PDFs
[27/07/2026 08:56:18] Iniciando processamento dos Relatorios do Approval
[27/07/2026 08:56:44] Processamento concluído
[27/07/2026 14:01:12] Iniciando processamento de RMs
[27/07/2026 14:01:19] Iniciando processamento de Pedidos
[27/07/2026 14:01:22] Iniciando processamento de PDFs
[27/07/2026 14:01:22] Iniciando processamento dos Relatorios do Approval
[27/07/2026 14:01:48] Processamento concluído
[27/07/2026 20:01:11] Iniciando processamento de RMs
[27/07/2026 20:01:18] Iniciando processamento de Pedidos
[27/07/2026 20:01:22] Iniciando processamento de PDFs
[27/07/2026 20:01:22] Iniciando processamento dos Relatorios do Approval
[27/07/2026 20:01:53] Processamento concluído
[28/07/2026 02:01:12] Iniciando processamento de RMs
[28/07/2026 02:01:18] Iniciando processamento de Pedidos
[28/07/2026 02:01:21] Iniciando processamento de PDFs
[28/07/2026 02:01:21] Iniciando processamento dos Relatorios do Approval
[28/07/2026 02:01:51] Processamento concluído
[28/07/2026 08:01:09] Iniciando processamento de RMs
[28/07/2026 08:01:15] Iniciando processamento de Pedidos
[28/07/2026 08:01:18] Iniciando processamento de PDFs
[28/07/2026 08:01:18] Iniciando processamento dos Relatorios do Approval
[28/07/2026 08:01:44] Processamento concluído
[28/07/2026 14:01:12] Iniciando processamento de RMs
[28/07/2026 14:01:21] Iniciando processamento de Pedidos
[28/07/2026 14:01:24] Iniciando processamento de PDFs
[28/07/2026 14:01:25] Iniciando processamento dos Relatorios do Approval
[28/07/2026 14:01:54] Processamento concluído
[28/07/2026 20:01:11] Iniciando processamento de RMs
[28/07/2026 20:01:19] Iniciando processamento de Pedidos
[28/07/2026 20:01:23] Iniciando processamento de PDFs
[28/07/2026 20:01:23] Iniciando processamento dos Relatorios do Approval
[28/07/2026 20:01:54] Processamento concluído
[29/07/2026 02:01:12] Iniciando processamento de RMs
[29/07/2026 02:01:21] Iniciando processamento de Pedidos
[29/07/2026 02:01:23] Iniciando processamento de PDFs
[29/07/2026 02:01:23] Iniciando processamento dos Relatorios do Approval
[29/07/2026 02:01:52] Processamento concluído
[29/07/2026 08:01:09] Iniciando processamento de RMs
[29/07/2026 08:01:18] Iniciando processamento de Pedidos
[29/07/2026 08:01:21] Iniciando processamento de PDFs
[29/07/2026 08:01:21] Iniciando processamento dos Relatorios do Approval
[29/07/2026 08:01:53] Processamento concluído
